Flow report for blinky
Thu Apr 16 18:28:37 2026
Quartus Prime Version 23.1std.1 Build 993 05/14/2024 SC Lite Edition


---------------------
; Table of Contents ;
---------------------
  1. Legal Notice
  2. Flow Summary
  3. Flow Settings
  4. Flow Non-Default Global Settings
  5. Flow Elapsed Time
  6. Flow OS Summary
  7. Flow Log
  8. Flow Messages
  9. Flow Suppressed Messages



----------------
; Legal Notice ;
----------------
Copyright (C) 2024  Intel Corporation. All rights reserved.
Your use of Intel Corporation's design tools, logic functions 
and other software and tools, and any partner logic 
functions, and any output files from any of the foregoing 
(including device programming or simulation files), and any 
associated documentation or information are expressly subject 
to the terms and conditions of the Intel Program License 
Subscription Agreement, the Intel Quartus Prime License Agreement,
the Intel FPGA IP License Agreement, or other applicable license
agreement, including, without limitation, that your use is for
the sole purpose of programming logic devices manufactured by
Intel and sold by Intel or its authorized distributors.  Please
refer to the applicable agreement for further details, at
https://fpgasoftware.intel.com/eula.



+----------------------------------------------------------------------------------+
; Flow Summary                                                                     ;
+---------------------------------+------------------------------------------------+
; Flow Status                     ; Successful - Thu Apr 16 18:28:33 2026          ;
; Quartus Prime Version           ; 23.1std.1 Build 993 05/14/2024 SC Lite Edition ;
; Revision Name                   ; blinky                                         ;
; Top-level Entity Name           ; blinky                                         ;
; Family                          ; Cyclone V                                      ;
; Device                          ; 5CSEBA6U23I7                                   ;
; Timing Models                   ; Final                                          ;
; Logic utilization (in ALMs)     ; 14 / 41,910 ( < 1 % )                          ;
; Total registers                 ; 30                                             ;
; Total pins                      ; 5 / 314 ( 2 % )                                ;
; Total virtual pins              ; 0                                              ;
; Total block memory bits         ; 0 / 5,662,720 ( 0 % )                          ;
; Total DSP Blocks                ; 0 / 112 ( 0 % )                                ;
; Total HSSI RX PCSs              ; 0                                              ;
; Total HSSI PMA RX Deserializers ; 0                                              ;
; Total HSSI TX PCSs              ; 0                                              ;
; Total HSSI PMA TX Serializers   ; 0                                              ;
; Total PLLs                      ; 0 / 6 ( 0 % )                                  ;
; Total DLLs                      ; 0 / 4 ( 0 % )                                  ;
+---------------------------------+------------------------------------------------+


+-----------------------------------------+
; Flow Settings                           ;
+-------------------+---------------------+
; Option            ; Setting             ;
+-------------------+---------------------+
; Start date & time ; 04/16/2026 18:28:02 ;
; Main task         ; Compilation         ;
; Revision Name     ; blinky              ;
+-------------------+---------------------+


+------------------------------------------------------------------------------------------------------+
; Flow Non-Default Global Settings                                                                     ;
+--------------------------+--------------------------------+---------------+-------------+------------+
; Assignment Name          ; Value                          ; Default Value ; Entity Name ; Section Id ;
+--------------------------+--------------------------------+---------------+-------------+------------+
; COMPILER_SIGNATURE_ID    ; 49410877645338.177635688215863 ; --            ; --          ; --         ;
; NUM_PARALLEL_PROCESSORS  ; All                            ; --            ; --          ; --         ;
; PROJECT_OUTPUT_DIRECTORY ; output_files                   ; --            ; --          ; --         ;
; VHDL_INPUT_VERSION       ; VHDL_2008                      ; VHDL_1993     ; --          ; --         ;
+--------------------------+--------------------------------+---------------+-------------+------------+


+--------------------------------------------------------------------------------------------------------------------------+
; Flow Elapsed Time                                                                                                        ;
+----------------------+--------------+-------------------------+---------------------+------------------------------------+
; Module Name          ; Elapsed Time ; Average Processors Used ; Peak Virtual Memory ; Total CPU Time (on all processors) ;
+----------------------+--------------+-------------------------+---------------------+------------------------------------+
; Analysis & Synthesis ; 00:00:06     ; 1.0                     ; 561 MB              ; 00:00:16                           ;
; Fitter               ; 00:00:18     ; 1.0                     ; 2127 MB             ; 00:00:39                           ;
; Assembler            ; 00:00:04     ; 1.0                     ; 528 MB              ; 00:00:04                           ;
; Timing Analyzer      ; 00:00:03     ; 1.0                     ; 875 MB              ; 00:00:03                           ;
; Total                ; 00:00:31     ; --                      ; --                  ; 00:01:02                           ;
+----------------------+--------------+-------------------------+---------------------+------------------------------------+


+-------------------------------------------------------------------------------------------+
; Flow OS Summary                                                                           ;
+----------------------+------------------+-------------------+------------+----------------+
; Module Name          ; Machine Hostname ; OS Name           ; OS Version ; Processor type ;
+----------------------+------------------+-------------------+------------+----------------+
; Analysis & Synthesis ; saturn           ; [1;32m<<< Welcome ; 1          ; x86_64         ;
; Fitter               ; saturn           ; [1;32m<<< Welcome ; 1          ; x86_64         ;
; Assembler            ; saturn           ; [1;32m<<< Welcome ; 1          ; x86_64         ;
; Timing Analyzer      ; saturn           ; [1;32m<<< Welcome ; 1          ; x86_64         ;
+----------------------+------------------+-------------------+------------+----------------+


------------
; Flow Log ;
------------
quartus_map blinky --read_settings_files=on
quartus_fit blinky --read_settings_files=on
quartus_asm blinky --read_settings_files=on
quartus_sta blinky



